Cron fired: Fri Jul 17 06:05:59 PM BST 2026
=== run_all.py started 2026-07-17T18:05:59.698125 ===

--- Garmin data pull (garmin_pull.py) ---
2026-07-17  RHR: 47.0  HRV: 42  Sleep: 88  BB: 100
2026-07-16  RHR: 48.0  HRV: 36  Sleep: 80  BB: 75
2026-07-15  RHR: 49.0  HRV: 35  Sleep: 87  BB: 87
2026-07-14  RHR: 48.0  HRV: 42  Sleep: 95  BB: 100
2026-07-13  RHR: 47.0  HRV: 36  Sleep: 87  BB: 94
2026-07-12  RHR: 51.0  HRV: 34  Sleep: 81  BB: 77
2026-07-11  RHR: 48.0  HRV: 36  Sleep: 85  BB: 89
2026-07-10  RHR: 49.0  HRV: 39  Sleep: 90  BB: 91
2026-07-09  RHR: 48.0  HRV: 36  Sleep: 91  BB: 92
2026-07-08  RHR: 49.0  HRV: 33  Sleep: 84  BB: 74
2026-07-07  RHR: 48.0  HRV: 41  Sleep: 90  BB: 100
2026-07-06  RHR: 47.0  HRV: 39  Sleep: 86  BB: 95
2026-07-05  RHR: 49.0  HRV: 36  Sleep: 85  BB: 81
2026-07-04  RHR: 47.0  HRV: 46  Sleep: 87  BB: 100

Saved 14 days to garmin_data.json


--- Weather pull (weather_pull.py) ---
2026-07-17  Max: 30.2C  Humidity: 48%  Risk: high
2026-07-18  Max: 23.7C  Humidity: 56%  Risk: moderate
2026-07-19  Max: 26.1C  Humidity: 49%  Risk: high
2026-07-20  Max: 26.1C  Humidity: 53%  Risk: high
2026-07-21  Max: 27.4C  Humidity: 60%  Risk: high
2026-07-22  Max: 23.7C  Humidity: 63%  Risk: moderate
2026-07-23  Max: 24.1C  Humidity: 66%  Risk: high

Saved 7 days to weather.json


--- Race prediction (race_predictor.py) ---
Riegel estimate: 17:27.72 - 18:25.83 (central: 17:56.78)


--- Google Forms sync (sheets_pull.py) ---
--- Sheets pull ---
Pulling daily log...
  1 sheet entries -> 3 total in manual_log.json
Pulling training plan...
  0 sheet entries -> 6 total in training_plan.json
Pulling race log...
  0 sheet entries -> 6 total in races.json
Sheets pull complete.


--- Computed layer build (build_computed.py) ---
Computed 14 days -> computed_data.json


=== Summary ===
OK: Garmin data pull
OK: Weather pull
OK: Race prediction
OK: Google Forms sync
OK: Computed layer build

All steps completed.
To https://github.com/shakeyshep-source/coaching-dashboard.git
   c41ac80..de50da6  main -> main
Cron fired: Sat Jul 18 08:00:01 AM BST 2026
=== run_all.py started 2026-07-18T08:00:01.484756 ===

--- Garmin data pull (garmin_pull.py) ---
2026-07-18  RHR: 47.0  HRV: 43  Sleep: 89  BB: 99
2026-07-17  RHR: 47.0  HRV: 42  Sleep: 88  BB: 100
2026-07-16  RHR: 48.0  HRV: 36  Sleep: 80  BB: 75
2026-07-15  RHR: 49.0  HRV: 35  Sleep: 87  BB: 87
2026-07-14  RHR: 48.0  HRV: 42  Sleep: 95  BB: 100
2026-07-13  RHR: 47.0  HRV: 36  Sleep: 87  BB: 94
2026-07-12  RHR: 51.0  HRV: 34  Sleep: 81  BB: 77
2026-07-11  RHR: 48.0  HRV: 36  Sleep: 85  BB: 89
2026-07-10  RHR: 49.0  HRV: 39  Sleep: 90  BB: 91
2026-07-09  RHR: 48.0  HRV: 36  Sleep: 91  BB: 92
2026-07-08  RHR: 49.0  HRV: 33  Sleep: 84  BB: 74
2026-07-07  RHR: 48.0  HRV: 41  Sleep: 90  BB: 100
2026-07-06  RHR: 47.0  HRV: 39  Sleep: 86  BB: 95
2026-07-05  RHR: 49.0  HRV: 36  Sleep: 85  BB: 81

Saved 14 days to garmin_data.json


--- Weather pull (weather_pull.py) ---
2026-07-18  Max: 24.6C  Humidity: 54%  Risk: high
2026-07-19  Max: 25.2C  Humidity: 46%  Risk: high
2026-07-20  Max: 25.1C  Humidity: 54%  Risk: high
2026-07-21  Max: 26.1C  Humidity: 59%  Risk: high
2026-07-22  Max: 25.0C  Humidity: 62%  Risk: high
2026-07-23  Max: 25.7C  Humidity: 64%  Risk: high
2026-07-24  Max: 26.2C  Humidity: 60%  Risk: high

Saved 7 days to weather.json


--- Race prediction (race_predictor.py) ---
Riegel estimate: 17:27.72 - 18:25.83 (central: 17:56.78)


--- Google Forms sync (sheets_pull.py) ---
--- Sheets pull ---
Pulling daily log...
  1 sheet entries -> 3 total in manual_log.json
Pulling training plan...
  0 sheet entries -> 6 total in training_plan.json
Pulling race log...
  0 sheet entries -> 6 total in races.json
Sheets pull complete.


--- Computed layer build (build_computed.py) ---
Computed 14 days -> computed_data.json


=== Summary ===
OK: Garmin data pull
OK: Weather pull
OK: Race prediction
OK: Google Forms sync
OK: Computed layer build

All steps completed.
To https://github.com/shakeyshep-source/coaching-dashboard.git
   de50da6..a082e83  main -> main
Cron fired: Sun Jul 19 08:00:01 AM BST 2026
=== run_all.py started 2026-07-19T08:00:02.917845 ===

--- Garmin data pull (garmin_pull.py) ---

FAILED: Garmin data pull
Traceback (most recent call last):
  File "/home/shakeyshep/coaching-dashboard/garmin_pull.py", line 143, in <module>
    main()
  File "/home/shakeyshep/coaching-dashboard/garmin_pull.py", line 129, in main
    row = pull_day(client, date_str)
          ^^^^^^^^^^^^^^^^^^^^^^^^^^
  File "/home/shakeyshep/coaching-dashboard/garmin_pull.py", line 99, in pull_day
    latest = status["mostRecentTrainingStatus"]["latestTrainingStatusData"]
             ~~~~~~~~~~~~~~~~~~~~~~~~~~~~~~~~~~^^^^^^^^^^^^^^^^^^^^^^^^^^^^
TypeError: 'NoneType' object is not subscriptable


--- Weather pull (weather_pull.py) ---
2026-07-19  Max: 24.2C  Humidity: 49%  Risk: high
2026-07-20  Max: 26.0C  Humidity: 48%  Risk: high
2026-07-21  Max: 27.2C  Humidity: 54%  Risk: high
2026-07-22  Max: 26.0C  Humidity: 62%  Risk: high
2026-07-23  Max: 26.7C  Humidity: 66%  Risk: high
2026-07-24  Max: 26.0C  Humidity: 62%  Risk: high
2026-07-25  Max: 24.2C  Humidity: 59%  Risk: high

Saved 7 days to weather.json


--- Race prediction (race_predictor.py) ---
Riegel estimate: 17:27.72 - 18:25.83 (central: 17:56.78)


--- Google Forms sync (sheets_pull.py) ---
--- Sheets pull ---
Pulling daily log...
  1 sheet entries -> 3 total in manual_log.json
Pulling training plan...
  0 sheet entries -> 6 total in training_plan.json
Pulling race log...
  0 sheet entries -> 6 total in races.json
Sheets pull complete.


--- Computed layer build (build_computed.py) ---
Computed 14 days -> computed_data.json


=== Summary ===
FAILED: Garmin data pull
OK: Weather pull
OK: Race prediction
OK: Google Forms sync
OK: Computed layer build

One or more steps failed — check output above.
Cron fired: Mon Jul 20 08:00:01 AM BST 2026
=== run_all.py started 2026-07-20T08:00:01.940294 ===

--- Garmin data pull (garmin_pull.py) ---
2026-07-20  RHR: 46.0  HRV: 42  Sleep: 96  BB: 100
2026-07-19  RHR: 48.0  HRV: 35  Sleep: 81  BB: 84
2026-07-18  RHR: 47.0  HRV: 43  Sleep: 89  BB: 99
2026-07-17  RHR: 47.0  HRV: 42  Sleep: 88  BB: 100
2026-07-16  RHR: 48.0  HRV: 36  Sleep: 80  BB: 75
2026-07-15  RHR: 49.0  HRV: 35  Sleep: 87  BB: 87
2026-07-14  RHR: 48.0  HRV: 42  Sleep: 95  BB: 100
2026-07-13  RHR: 47.0  HRV: 36  Sleep: 87  BB: 94
2026-07-12  RHR: 51.0  HRV: 34  Sleep: 81  BB: 77
2026-07-11  RHR: 48.0  HRV: 36  Sleep: 85  BB: 89
2026-07-10  RHR: 49.0  HRV: 39  Sleep: 90  BB: 91
2026-07-09  RHR: 48.0  HRV: 36  Sleep: 91  BB: 92
2026-07-08  RHR: 49.0  HRV: 33  Sleep: 84  BB: 74
2026-07-07  RHR: 48.0  HRV: 41  Sleep: 90  BB: 100

Saved 14 days to garmin_data.json


--- Weather pull (weather_pull.py) ---
2026-07-20  Max: 26.2C  Humidity: 44%  Risk: high
2026-07-21  Max: 26.4C  Humidity: 52%  Risk: high
2026-07-22  Max: 24.2C  Humidity: 60%  Risk: high
2026-07-23  Max: 27.1C  Humidity: 62%  Risk: high
2026-07-24  Max: 27.1C  Humidity: 59%  Risk: high
2026-07-25  Max: 25.0C  Humidity: 59%  Risk: high
2026-07-26  Max: 24.1C  Humidity: 61%  Risk: high

Saved 7 days to weather.json


--- Race prediction (race_predictor.py) ---
Riegel estimate: 17:27.72 - 18:25.83 (central: 17:56.78)


--- Google Forms sync (sheets_pull.py) ---
--- Sheets pull ---
Pulling daily log...
  1 sheet entries -> 3 total in manual_log.json
Pulling training plan...
  0 sheet entries -> 6 total in training_plan.json
Pulling race log...
  0 sheet entries -> 6 total in races.json
Sheets pull complete.


--- Computed layer build (build_computed.py) ---
Computed 14 days -> computed_data.json


=== Summary ===
OK: Garmin data pull
OK: Weather pull
OK: Race prediction
OK: Google Forms sync
OK: Computed layer build

All steps completed.
To https://github.com/shakeyshep-source/coaching-dashboard.git
   f0b5202..82562b6  main -> main
Cron fired: Tue Jul 21 08:00:02 AM BST 2026
=== run_all.py started 2026-07-21T08:00:02.204010 ===

--- Garmin data pull (garmin_pull.py) ---
2026-07-21  RHR: 48.0  HRV: 41  Sleep: 84  BB: 90
2026-07-20  RHR: 46.0  HRV: 42  Sleep: 96  BB: 100
2026-07-19  RHR: 48.0  HRV: 35  Sleep: 81  BB: 84
2026-07-18  RHR: 47.0  HRV: 43  Sleep: 89  BB: 99
2026-07-17  RHR: 47.0  HRV: 42  Sleep: 88  BB: 100
2026-07-16  RHR: 48.0  HRV: 36  Sleep: 80  BB: 75
2026-07-15  RHR: 49.0  HRV: 35  Sleep: 87  BB: 87
2026-07-14  RHR: 48.0  HRV: 42  Sleep: 95  BB: 100
2026-07-13  RHR: 47.0  HRV: 36  Sleep: 87  BB: 94
2026-07-12  RHR: 51.0  HRV: 34  Sleep: 81  BB: 77
2026-07-11  RHR: 48.0  HRV: 36  Sleep: 85  BB: 89
2026-07-10  RHR: 49.0  HRV: 39  Sleep: 90  BB: 91
2026-07-09  RHR: 48.0  HRV: 36  Sleep: 91  BB: 92
2026-07-08  RHR: 49.0  HRV: 33  Sleep: 84  BB: 74

Saved 14 days to garmin_data.json


--- Weather pull (weather_pull.py) ---
2026-07-21  Max: 27.5C  Humidity: 49%  Risk: high
2026-07-22  Max: 27.6C  Humidity: 54%  Risk: high
2026-07-23  Max: 26.6C  Humidity: 58%  Risk: high
2026-07-24  Max: 26.8C  Humidity: 60%  Risk: high
2026-07-25  Max: 24.6C  Humidity: 60%  Risk: high
2026-07-26  Max: 22.6C  Humidity: 67%  Risk: moderate
2026-07-27  Max: 23.5C  Humidity: 64%  Risk: moderate

Saved 7 days to weather.json


--- Race prediction (race_predictor.py) ---
Riegel estimate: 17:27.72 - 18:25.83 (central: 17:56.78)


--- Google Forms sync (sheets_pull.py) ---
--- Sheets pull ---
Pulling daily log...
  1 sheet entries -> 3 total in manual_log.json
Pulling training plan...
  0 sheet entries -> 6 total in training_plan.json
Pulling race log...
  0 sheet entries -> 6 total in races.json
Sheets pull complete.


--- Computed layer build (build_computed.py) ---
Computed 14 days -> computed_data.json


=== Summary ===
OK: Garmin data pull
OK: Weather pull
OK: Race prediction
OK: Google Forms sync
OK: Computed layer build

All steps completed.
To https://github.com/shakeyshep-source/coaching-dashboard.git
   82562b6..c2f96ae  main -> main
Cron fired: Wed Jul 22 08:00:01 AM BST 2026
=== run_all.py started 2026-07-22T08:00:02.049128 ===

--- Garmin data pull (garmin_pull.py) ---
2026-07-22  RHR: 48.0  HRV: 39  Sleep: 90  BB: 95
2026-07-21  RHR: 48.0  HRV: 41  Sleep: 84  BB: 90
2026-07-20  RHR: 46.0  HRV: 42  Sleep: 96  BB: 100
2026-07-19  RHR: 48.0  HRV: 35  Sleep: 81  BB: 84
2026-07-18  RHR: 47.0  HRV: 43  Sleep: 89  BB: 99
2026-07-17  RHR: 47.0  HRV: 42  Sleep: 88  BB: 100
2026-07-16  RHR: 48.0  HRV: 36  Sleep: 80  BB: 75
2026-07-15  RHR: 49.0  HRV: 35  Sleep: 87  BB: 87
2026-07-14  RHR: 48.0  HRV: 42  Sleep: 95  BB: 100
2026-07-13  RHR: 47.0  HRV: 36  Sleep: 87  BB: 94
2026-07-12  RHR: 51.0  HRV: 34  Sleep: 81  BB: 77
2026-07-11  RHR: 48.0  HRV: 36  Sleep: 85  BB: 89
2026-07-10  RHR: 49.0  HRV: 39  Sleep: 90  BB: 91
2026-07-09  RHR: 48.0  HRV: 36  Sleep: 91  BB: 92

Saved 14 days to garmin_data.json


--- Weather pull (weather_pull.py) ---
2026-07-22  Max: 27.3C  Humidity: 54%  Risk: high
2026-07-23  Max: 27.6C  Humidity: 53%  Risk: high
2026-07-24  Max: 27.5C  Humidity: 61%  Risk: high
2026-07-25  Max: 26.1C  Humidity: 60%  Risk: high
2026-07-26  Max: 24.6C  Humidity: 60%  Risk: high
2026-07-27  Max: 24.2C  Humidity: 62%  Risk: high
2026-07-28  Max: 26.6C  Humidity: 63%  Risk: high

Saved 7 days to weather.json


--- Race prediction (race_predictor.py) ---
Riegel estimate: 17:27.72 - 18:25.83 (central: 17:56.78)


--- Google Forms sync (sheets_pull.py) ---
--- Sheets pull ---
Pulling daily log...
  1 sheet entries -> 3 total in manual_log.json
Pulling training plan...
  0 sheet entries -> 6 total in training_plan.json
Pulling race log...
  0 sheet entries -> 6 total in races.json
Sheets pull complete.


--- Computed layer build (build_computed.py) ---
Computed 14 days -> computed_data.json
Flags log has 1 total entries


=== Summary ===
OK: Garmin data pull
OK: Weather pull
OK: Race prediction
OK: Google Forms sync
OK: Computed layer build

All steps completed.
To https://github.com/shakeyshep-source/coaching-dashboard.git
   c2f96ae..86e8c0f  main -> main
Cron fired: Thu Jul 23 08:00:01 AM BST 2026
=== run_all.py started 2026-07-23T08:00:01.361258 ===

--- Garmin data pull (garmin_pull.py) ---
2026-07-23  RHR: 51.0  HRV: 39  Sleep: 57  BB: 74
2026-07-22  RHR: 48.0  HRV: 39  Sleep: 90  BB: 95
2026-07-21  RHR: 48.0  HRV: 41  Sleep: 84  BB: 90
2026-07-20  RHR: 46.0  HRV: 42  Sleep: 96  BB: 100
2026-07-19  RHR: 48.0  HRV: 35  Sleep: 81  BB: 84
2026-07-18  RHR: 47.0  HRV: 43  Sleep: 89  BB: 99
2026-07-17  RHR: 47.0  HRV: 42  Sleep: 88  BB: 100
2026-07-16  RHR: 48.0  HRV: 36  Sleep: 80  BB: 75
2026-07-15  RHR: 49.0  HRV: 35  Sleep: 87  BB: 87
2026-07-14  RHR: 48.0  HRV: 42  Sleep: 95  BB: 100
2026-07-13  RHR: 47.0  HRV: 36  Sleep: 87  BB: 94
2026-07-12  RHR: 51.0  HRV: 34  Sleep: 81  BB: 77
2026-07-11  RHR: 48.0  HRV: 36  Sleep: 85  BB: 89
2026-07-10  RHR: 49.0  HRV: 39  Sleep: 90  BB: 91

Saved 14 days to garmin_data.json


--- Weather pull (weather_pull.py) ---
2026-07-23  Max: 26.9C  Humidity: 55%  Risk: high
2026-07-24  Max: 27.3C  Humidity: 58%  Risk: high
2026-07-25  Max: 27.9C  Humidity: 56%  Risk: high
2026-07-26  Max: 23.4C  Humidity: 63%  Risk: moderate
2026-07-27  Max: 23.9C  Humidity: 62%  Risk: moderate
2026-07-28  Max: 27.4C  Humidity: 61%  Risk: high
2026-07-29  Max: 27.0C  Humidity: 66%  Risk: high

Saved 7 days to weather.json


--- Race prediction (race_predictor.py) ---
Riegel estimate: 17:29.72 - 18:27.83 (central: 17:58.78)


--- Google Forms sync (sheets_pull.py) ---
--- Sheets pull ---
Pulling daily log...
  1 sheet entries -> 3 total in manual_log.json
Pulling training plan...
  0 sheet entries -> 6 total in training_plan.json
Pulling race log...
  0 sheet entries -> 6 total in races.json
Sheets pull complete.


--- Computed layer build (build_computed.py) ---
Computed 14 days -> computed_data.json
Flags log has 1 total entries


=== Summary ===
OK: Garmin data pull
OK: Weather pull
OK: Race prediction
OK: Google Forms sync
OK: Computed layer build

All steps completed.
To https://github.com/shakeyshep-source/coaching-dashboard.git
   86e8c0f..e06f2b2  main -> main
Cron fired: Fri Jul 24 08:00:02 AM BST 2026
=== run_all.py started 2026-07-24T08:00:02.894242 ===

--- Garmin data pull (garmin_pull.py) ---
2026-07-24  RHR: 47.0  HRV: 44  Sleep: 89  BB: 100
2026-07-23  RHR: 50.0  HRV: 39  Sleep: 57  BB: 74
2026-07-22  RHR: 48.0  HRV: 39  Sleep: 90  BB: 95
2026-07-21  RHR: 48.0  HRV: 41  Sleep: 84  BB: 90
2026-07-20  RHR: 46.0  HRV: 42  Sleep: 96  BB: 100
2026-07-19  RHR: 48.0  HRV: 35  Sleep: 81  BB: 84
2026-07-18  RHR: 47.0  HRV: 43  Sleep: 89  BB: 99
2026-07-17  RHR: 47.0  HRV: 42  Sleep: 88  BB: 100
2026-07-16  RHR: 48.0  HRV: 36  Sleep: 80  BB: 75
2026-07-15  RHR: 49.0  HRV: 35  Sleep: 87  BB: 87
2026-07-14  RHR: 48.0  HRV: 42  Sleep: 95  BB: 100
2026-07-13  RHR: 47.0  HRV: 36  Sleep: 87  BB: 94
2026-07-12  RHR: 51.0  HRV: 34  Sleep: 81  BB: 77
2026-07-11  RHR: 48.0  HRV: 36  Sleep: 85  BB: 89

Saved 14 days to garmin_data.json


--- Weather pull (weather_pull.py) ---
2026-07-24  Max: 27.8C  Humidity: 54%  Risk: high
2026-07-25  Max: 27.4C  Humidity: 54%  Risk: high
2026-07-26  Max: 23.1C  Humidity: 65%  Risk: moderate
2026-07-27  Max: 25.7C  Humidity: 61%  Risk: high
2026-07-28  Max: 27.1C  Humidity: 61%  Risk: high
2026-07-29  Max: 28.2C  Humidity: 65%  Risk: high
2026-07-30  Max: 26.8C  Humidity: 58%  Risk: high

Saved 7 days to weather.json


--- Google Forms sync (sheets_pull.py) ---
--- Sheets pull ---
Pulling daily log...
  1 sheet entries -> 3 total in manual_log.json
Pulling training plan...
  0 sheet entries -> 28 total in training_plan.json
Pulling race log...
  0 sheet entries -> 7 total in races.json
Sheets pull complete.


--- Race prediction (race_predictor.py) ---
Predictions:
  5K: 17:25.90 - 18:24.01 (central: 17:54.96)
  10K: 36:20.63 - 38:21.78 (central: 37:21.21)
  Half Marathon: 1:20:11.36 - 1:24:38.66 (central: 1:22:25.01)
  Marathon: 2:47:11.35 - 2:56:28.66 (central: 2:51:50.01)
Next race: Cheltenham Half Marathon on 2026-09-20


--- Computed layer build (build_computed.py) ---
Computed 14 days -> computed_data.json
Flags log has 1 total entries


=== Summary ===
OK: Garmin data pull
OK: Weather pull
OK: Google Forms sync
OK: Race prediction
OK: Computed layer build

All steps completed.
To https://github.com/shakeyshep-source/coaching-dashboard.git
   6258e67..c549364  main -> main
Cron fired: Sat Jul 25 08:00:01 AM BST 2026
=== run_all.py started 2026-07-25T08:00:02.121648 ===

--- Garmin data pull (garmin_pull.py) ---

FAILED: Garmin data pull
Traceback (most recent call last):
  File "/home/shakeyshep/garmin-env/lib/python3.11/site-packages/urllib3/connection.py", line 204, in _new_conn
    sock = connection.create_connection(
           ^^^^^^^^^^^^^^^^^^^^^^^^^^^^^
  File "/home/shakeyshep/garmin-env/lib/python3.11/site-packages/urllib3/util/connection.py", line 60, in create_connection
    for res in socket.getaddrinfo(host, port, family, socket.SOCK_STREAM):
               ^^^^^^^^^^^^^^^^^^^^^^^^^^^^^^^^^^^^^^^^^^^^^^^^^^^^^^^^^^
  File "/usr/lib/python3.11/socket.py", line 962, in getaddrinfo
    for res in _socket.getaddrinfo(host, port, family, type, proto, flags):
               ^^^^^^^^^^^^^^^^^^^^^^^^^^^^^^^^^^^^^^^^^^^^^^^^^^^^^^^^^^^
socket.gaierror: [Errno -3] Temporary failure in name resolution

The above exception was the direct cause of the following exception:

Traceback (most recent call last):
  File "/home/shakeyshep/garmin-env/lib/python3.11/site-packages/urllib3/connectionpool.py", line 788, in urlopen
    response = self._make_request(
               ^^^^^^^^^^^^^^^^^^^
  File "/home/shakeyshep/garmin-env/lib/python3.11/site-packages/urllib3/connectionpool.py", line 488, in _make_request
    raise new_e
  File "/home/shakeyshep/garmin-env/lib/python3.11/site-packages/urllib3/connectionpool.py", line 464, in _make_request
    self._validate_conn(conn)
  File "/home/shakeyshep/garmin-env/lib/python3.11/site-packages/urllib3/connectionpool.py", line 1106, in _validate_conn
    conn.connect()
  File "/home/shakeyshep/garmin-env/lib/python3.11/site-packages/urllib3/connection.py", line 759, in connect
    self.sock = sock = self._new_conn()
                       ^^^^^^^^^^^^^^^^
  File "/home/shakeyshep/garmin-env/lib/python3.11/site-packages/urllib3/connection.py", line 211, in _new_conn
    raise NameResolutionError(self.host, self, e) from e
urllib3.exceptions.NameResolutionError: HTTPSConnection(host='connectapi.garmin.com', port=443): Failed to resolve 'connectapi.garmin.com' ([Errno -3] Temporary failure in name resolution)

The above exception was the direct cause of the following exception:

Traceback (most recent call last):
  File "/home/shakeyshep/garmin-env/lib/python3.11/site-packages/requests/adapters.py", line 486, in send
    resp = conn.urlopen(
           ^^^^^^^^^^^^^
  File "/home/shakeyshep/garmin-env/lib/python3.11/site-packages/urllib3/connectionpool.py", line 842, in urlopen
    retries = retries.increment(
              ^^^^^^^^^^^^^^^^^^
  File "/home/shakeyshep/garmin-env/lib/python3.11/site-packages/urllib3/util/retry.py", line 543, in increment
    raise MaxRetryError(_pool, url, reason) from reason  # type: ignore[arg-type]
    ^^^^^^^^^^^^^^^^^^^^^^^^^^^^^^^^^^^^^^^^^^^^^^^^^^^
urllib3.exceptions.MaxRetryError: HTTPSConnectionPool(host='connectapi.garmin.com', port=443): Max retries exceeded with url: /userprofile-service/socialProfile (Caused by NameResolutionError("HTTPSConnection(host='connectapi.garmin.com', port=443): Failed to resolve 'connectapi.garmin.com' ([Errno -3] Temporary failure in name resolution)"))

During handling of the above exception, another exception occurred:

Traceback (most recent call last):
  File "/home/shakeyshep/garmin-env/lib/python3.11/site-packages/garminconnect/__init__.py", line 494, in login
    prof = self.client.connectapi("/userprofile-service/socialProfile")
           ^^^^^^^^^^^^^^^^^^^^^^^^^^^^^^^^^^^^^^^^^^^^^^^^^^^^^^^^^^^^
  File "/home/shakeyshep/garmin-env/lib/python3.11/site-packages/garminconnect/client.py", line 1091, in connectapi
    return self._run_request("GET", path, **kwargs).json()
           ^^^^^^^^^^^^^^^^^^^^^^^^^^^^^^^^^^^^^^^^
  File "/home/shakeyshep/garmin-env/lib/python3.11/site-packages/garminconnect/client.py", line 1150, in _run_request
    resp = sess.request(method, url, headers=headers, **kwargs)
           ^^^^^^^^^^^^^^^^^^^^^^^^^^^^^^^^^^^^^^^^^^^^^^^^^^^^
  File "/home/shakeyshep/garmin-env/lib/python3.11/site-packages/requests/sessions.py", line 589, in request
    resp = self.send(prep, **send_kwargs)
           ^^^^^^^^^^^^^^^^^^^^^^^^^^^^^^
  File "/home/shakeyshep/garmin-env/lib/python3.11/site-packages/requests/sessions.py", line 703, in send
    r = adapter.send(request, **kwargs)
        ^^^^^^^^^^^^^^^^^^^^^^^^^^^^^^^
  File "/home/shakeyshep/garmin-env/lib/python3.11/site-packages/requests/adapters.py", line 519, in send
    raise ConnectionError(e, request=request)
requests.exceptions.ConnectionError: HTTPSConnectionPool(host='connectapi.garmin.com', port=443): Max retries exceeded with url: /userprofile-service/socialProfile (Caused by NameResolutionError("HTTPSConnection(host='connectapi.garmin.com', port=443): Failed to resolve 'connectapi.garmin.com' ([Errno -3] Temporary failure in name resolution)"))

The above exception was the direct cause of the following exception:

Traceback (most recent call last):
  File "/home/shakeyshep/coaching-dashboard/garmin_pull.py", line 143, in <module>
    main()
  File "/home/shakeyshep/coaching-dashboard/garmin_pull.py", line 122, in main
    client.login(tokenstore=TOKENSTORE)
  File "/home/shakeyshep/garmin-env/lib/python3.11/site-packages/garminconnect/__init__.py", line 499, in login
    raise GarminConnectAuthenticationError(
garminconnect.exceptions.GarminConnectAuthenticationError: Failed to retrieve social profile


--- Weather pull (weather_pull.py) ---

FAILED: Weather pull
Traceback (most recent call last):
  File "/home/shakeyshep/garmin-env/lib/python3.11/site-packages/urllib3/connection.py", line 204, in _new_conn
    sock = connection.create_connection(
           ^^^^^^^^^^^^^^^^^^^^^^^^^^^^^
  File "/home/shakeyshep/garmin-env/lib/python3.11/site-packages/urllib3/util/connection.py", line 60, in create_connection
    for res in socket.getaddrinfo(host, port, family, socket.SOCK_STREAM):
               ^^^^^^^^^^^^^^^^^^^^^^^^^^^^^^^^^^^^^^^^^^^^^^^^^^^^^^^^^^
  File "/usr/lib/python3.11/socket.py", line 962, in getaddrinfo
    for res in _socket.getaddrinfo(host, port, family, type, proto, flags):
               ^^^^^^^^^^^^^^^^^^^^^^^^^^^^^^^^^^^^^^^^^^^^^^^^^^^^^^^^^^^
socket.gaierror: [Errno -3] Temporary failure in name resolution

The above exception was the direct cause of the following exception:

Traceback (most recent call last):
  File "/home/shakeyshep/garmin-env/lib/python3.11/site-packages/urllib3/connectionpool.py", line 788, in urlopen
    response = self._make_request(
               ^^^^^^^^^^^^^^^^^^^
  File "/home/shakeyshep/garmin-env/lib/python3.11/site-packages/urllib3/connectionpool.py", line 488, in _make_request
    raise new_e
  File "/home/shakeyshep/garmin-env/lib/python3.11/site-packages/urllib3/connectionpool.py", line 464, in _make_request
    self._validate_conn(conn)
  File "/home/shakeyshep/garmin-env/lib/python3.11/site-packages/urllib3/connectionpool.py", line 1106, in _validate_conn
    conn.connect()
  File "/home/shakeyshep/garmin-env/lib/python3.11/site-packages/urllib3/connection.py", line 759, in connect
    self.sock = sock = self._new_conn()
                       ^^^^^^^^^^^^^^^^
  File "/home/shakeyshep/garmin-env/lib/python3.11/site-packages/urllib3/connection.py", line 211, in _new_conn
    raise NameResolutionError(self.host, self, e) from e
urllib3.exceptions.NameResolutionError: HTTPSConnection(host='api.open-meteo.com', port=443): Failed to resolve 'api.open-meteo.com' ([Errno -3] Temporary failure in name resolution)

The above exception was the direct cause of the following exception:

Traceback (most recent call last):
  File "/home/shakeyshep/garmin-env/lib/python3.11/site-packages/requests/adapters.py", line 486, in send
    resp = conn.urlopen(
           ^^^^^^^^^^^^^
  File "/home/shakeyshep/garmin-env/lib/python3.11/site-packages/urllib3/connectionpool.py", line 842, in urlopen
    retries = retries.increment(
              ^^^^^^^^^^^^^^^^^^
  File "/home/shakeyshep/garmin-env/lib/python3.11/site-packages/urllib3/util/retry.py", line 543, in increment
    raise MaxRetryError(_pool, url, reason) from reason  # type: ignore[arg-type]
    ^^^^^^^^^^^^^^^^^^^^^^^^^^^^^^^^^^^^^^^^^^^^^^^^^^^
urllib3.exceptions.MaxRetryError: HTTPSConnectionPool(host='api.open-meteo.com', port=443): Max retries exceeded with url: /v1/forecast?latitude=51.8642&longitude=-2.2382&daily=temperature_2m_max,temperature_2m_min,relative_humidity_2m_mean,wind_speed_10m_max&timezone=Europe/London&forecast_days=7 (Caused by NameResolutionError("HTTPSConnection(host='api.open-meteo.com', port=443): Failed to resolve 'api.open-meteo.com' ([Errno -3] Temporary failure in name resolution)"))

During handling of the above exception, another exception occurred:

Traceback (most recent call last):
  File "/home/shakeyshep/coaching-dashboard/weather_pull.py", line 75, in <module>
    main()
  File "/home/shakeyshep/coaching-dashboard/weather_pull.py", line 48, in main
    resp = requests.get(url, timeout=10)
           ^^^^^^^^^^^^^^^^^^^^^^^^^^^^^
  File "/home/shakeyshep/garmin-env/lib/python3.11/site-packages/requests/api.py", line 73, in get
    return request("get", url, params=params, **kwargs)
           ^^^^^^^^^^^^^^^^^^^^^^^^^^^^^^^^^^^^^^^^^^^^
  File "/home/shakeyshep/garmin-env/lib/python3.11/site-packages/requests/api.py", line 59, in request
    return session.request(method=method, url=url, **kwargs)
           ^^^^^^^^^^^^^^^^^^^^^^^^^^^^^^^^^^^^^^^^^^^^^^^^^
  File "/home/shakeyshep/garmin-env/lib/python3.11/site-packages/requests/sessions.py", line 589, in request
    resp = self.send(prep, **send_kwargs)
           ^^^^^^^^^^^^^^^^^^^^^^^^^^^^^^
  File "/home/shakeyshep/garmin-env/lib/python3.11/site-packages/requests/sessions.py", line 703, in send
    r = adapter.send(request, **kwargs)
        ^^^^^^^^^^^^^^^^^^^^^^^^^^^^^^^
  File "/home/shakeyshep/garmin-env/lib/python3.11/site-packages/requests/adapters.py", line 519, in send
    raise ConnectionError(e, request=request)
requests.exceptions.ConnectionError: HTTPSConnectionPool(host='api.open-meteo.com', port=443): Max retries exceeded with url: /v1/forecast?latitude=51.8642&longitude=-2.2382&daily=temperature_2m_max,temperature_2m_min,relative_humidity_2m_mean,wind_speed_10m_max&timezone=Europe/London&forecast_days=7 (Caused by NameResolutionError("HTTPSConnection(host='api.open-meteo.com', port=443): Failed to resolve 'api.open-meteo.com' ([Errno -3] Temporary failure in name resolution)"))


--- Google Forms sync (sheets_pull.py) ---
--- Sheets pull ---
Pulling daily log...

FAILED: Google Forms sync
Traceback (most recent call last):
  File "/home/shakeyshep/garmin-env/lib/python3.11/site-packages/urllib3/connection.py", line 204, in _new_conn
    sock = connection.create_connection(
           ^^^^^^^^^^^^^^^^^^^^^^^^^^^^^
  File "/home/shakeyshep/garmin-env/lib/python3.11/site-packages/urllib3/util/connection.py", line 60, in create_connection
    for res in socket.getaddrinfo(host, port, family, socket.SOCK_STREAM):
               ^^^^^^^^^^^^^^^^^^^^^^^^^^^^^^^^^^^^^^^^^^^^^^^^^^^^^^^^^^
  File "/usr/lib/python3.11/socket.py", line 962, in getaddrinfo
    for res in _socket.getaddrinfo(host, port, family, type, proto, flags):
               ^^^^^^^^^^^^^^^^^^^^^^^^^^^^^^^^^^^^^^^^^^^^^^^^^^^^^^^^^^^
socket.gaierror: [Errno -3] Temporary failure in name resolution

The above exception was the direct cause of the following exception:

Traceback (most recent call last):
  File "/home/shakeyshep/garmin-env/lib/python3.11/site-packages/urllib3/connectionpool.py", line 788, in urlopen
    response = self._make_request(
               ^^^^^^^^^^^^^^^^^^^
  File "/home/shakeyshep/garmin-env/lib/python3.11/site-packages/urllib3/connectionpool.py", line 488, in _make_request
    raise new_e
  File "/home/shakeyshep/garmin-env/lib/python3.11/site-packages/urllib3/connectionpool.py", line 464, in _make_request
    self._validate_conn(conn)
  File "/home/shakeyshep/garmin-env/lib/python3.11/site-packages/urllib3/connectionpool.py", line 1106, in _validate_conn
    conn.connect()
  File "/home/shakeyshep/garmin-env/lib/python3.11/site-packages/urllib3/connection.py", line 759, in connect
    self.sock = sock = self._new_conn()
                       ^^^^^^^^^^^^^^^^
  File "/home/shakeyshep/garmin-env/lib/python3.11/site-packages/urllib3/connection.py", line 211, in _new_conn
    raise NameResolutionError(self.host, self, e) from e
urllib3.exceptions.NameResolutionError: HTTPSConnection(host='docs.google.com', port=443): Failed to resolve 'docs.google.com' ([Errno -3] Temporary failure in name resolution)

The above exception was the direct cause of the following exception:

Traceback (most recent call last):
  File "/home/shakeyshep/garmin-env/lib/python3.11/site-packages/requests/adapters.py", line 486, in send
    resp = conn.urlopen(
           ^^^^^^^^^^^^^
  File "/home/shakeyshep/garmin-env/lib/python3.11/site-packages/urllib3/connectionpool.py", line 842, in urlopen
    retries = retries.increment(
              ^^^^^^^^^^^^^^^^^^
  File "/home/shakeyshep/garmin-env/lib/python3.11/site-packages/urllib3/util/retry.py", line 543, in increment
    raise MaxRetryError(_pool, url, reason) from reason  # type: ignore[arg-type]
    ^^^^^^^^^^^^^^^^^^^^^^^^^^^^^^^^^^^^^^^^^^^^^^^^^^^
urllib3.exceptions.MaxRetryError: HTTPSConnectionPool(host='docs.google.com', port=443): Max retries exceeded with url: /spreadsheets/d/1eqsg4m9zmA6kKIfvpNjlZ1kuaFABcgm-JWsC7ErA2g4/export?format=csv (Caused by NameResolutionError("HTTPSConnection(host='docs.google.com', port=443): Failed to resolve 'docs.google.com' ([Errno -3] Temporary failure in name resolution)"))

During handling of the above exception, another exception occurred:

Traceback (most recent call last):
  File "/home/shakeyshep/coaching-dashboard/sheets_pull.py", line 190, in <module>
    main()
  File "/home/shakeyshep/coaching-dashboard/sheets_pull.py", line 163, in main
    daily = pull_daily_log()
            ^^^^^^^^^^^^^^^^
  File "/home/shakeyshep/coaching-dashboard/sheets_pull.py", line 69, in pull_daily_log
    rows = fetch_sheet_csv(DAILY_LOG_SHEET_ID)
           ^^^^^^^^^^^^^^^^^^^^^^^^^^^^^^^^^^^
  File "/home/shakeyshep/coaching-dashboard/sheets_pull.py", line 36, in fetch_sheet_csv
    resp = requests.get(url, timeout=10)
           ^^^^^^^^^^^^^^^^^^^^^^^^^^^^^
  File "/home/shakeyshep/garmin-env/lib/python3.11/site-packages/requests/api.py", line 73, in get
    return request("get", url, params=params, **kwargs)
           ^^^^^^^^^^^^^^^^^^^^^^^^^^^^^^^^^^^^^^^^^^^^
  File "/home/shakeyshep/garmin-env/lib/python3.11/site-packages/requests/api.py", line 59, in request
    return session.request(method=method, url=url, **kwargs)
           ^^^^^^^^^^^^^^^^^^^^^^^^^^^^^^^^^^^^^^^^^^^^^^^^^
  File "/home/shakeyshep/garmin-env/lib/python3.11/site-packages/requests/sessions.py", line 589, in request
    resp = self.send(prep, **send_kwargs)
           ^^^^^^^^^^^^^^^^^^^^^^^^^^^^^^
  File "/home/shakeyshep/garmin-env/lib/python3.11/site-packages/requests/sessions.py", line 703, in send
    r = adapter.send(request, **kwargs)
        ^^^^^^^^^^^^^^^^^^^^^^^^^^^^^^^
  File "/home/shakeyshep/garmin-env/lib/python3.11/site-packages/requests/adapters.py", line 519, in send
    raise ConnectionError(e, request=request)
requests.exceptions.ConnectionError: HTTPSConnectionPool(host='docs.google.com', port=443): Max retries exceeded with url: /spreadsheets/d/1eqsg4m9zmA6kKIfvpNjlZ1kuaFABcgm-JWsC7ErA2g4/export?format=csv (Caused by NameResolutionError("HTTPSConnection(host='docs.google.com', port=443): Failed to resolve 'docs.google.com' ([Errno -3] Temporary failure in name resolution)"))


--- Race prediction (race_predictor.py) ---
Predictions:
  5K: 17:25.90 - 18:24.01 (central: 17:54.96)
  10K: 36:20.63 - 38:21.78 (central: 37:21.21)
  Half Marathon: 1:20:11.36 - 1:24:38.66 (central: 1:22:25.01)
  Marathon: 2:47:11.35 - 2:56:28.66 (central: 2:51:50.01)
Next race: Cheltenham Half Marathon on 2026-09-20


--- Computed layer build (build_computed.py) ---
Computed 14 days -> computed_data.json
Flags log has 1 total entries


=== Summary ===
FAILED: Garmin data pull
FAILED: Weather pull
FAILED: Google Forms sync
OK: Race prediction
OK: Computed layer build

One or more steps failed — check output above.
Cron fired: Sun Jul 26 08:00:02 AM BST 2026
=== run_all.py started 2026-07-26T08:00:02.408946 ===

--- Garmin data pull (garmin_pull.py) ---
2026-07-26  RHR: 48.0  HRV: 36  Sleep: 84  BB: 92
2026-07-25  RHR: 49.0  HRV: 39  Sleep: 90  BB: 94
2026-07-24  RHR: 47.0  HRV: 44  Sleep: 89  BB: 100
2026-07-23  RHR: 50.0  HRV: 39  Sleep: 57  BB: 74
2026-07-22  RHR: 48.0  HRV: 39  Sleep: 90  BB: 95
2026-07-21  RHR: 48.0  HRV: 41  Sleep: 84  BB: 90
2026-07-20  RHR: 46.0  HRV: 42  Sleep: 96  BB: 100
2026-07-19  RHR: 48.0  HRV: 35  Sleep: 81  BB: 84
2026-07-18  RHR: 47.0  HRV: 43  Sleep: 89  BB: 99
2026-07-17  RHR: 47.0  HRV: 42  Sleep: 88  BB: 100
2026-07-16  RHR: 48.0  HRV: 36  Sleep: 80  BB: 75
2026-07-15  RHR: 49.0  HRV: 35  Sleep: 87  BB: 87
2026-07-14  RHR: 48.0  HRV: 42  Sleep: 95  BB: 100
2026-07-13  RHR: 47.0  HRV: 36  Sleep: 87  BB: 94

Saved 14 days to garmin_data.json


--- Weather pull (weather_pull.py) ---
2026-07-26  Max: 21.1C  Humidity: 65%  Risk: moderate
2026-07-27  Max: 25.0C  Humidity: 60%  Risk: high
2026-07-28  Max: 26.8C  Humidity: 70%  Risk: high
2026-07-29  Max: 34.5C  Humidity: 54%  Risk: high
2026-07-30  Max: 27.3C  Humidity: 60%  Risk: high
2026-07-31  Max: 24.1C  Humidity: 61%  Risk: high
2026-08-01  Max: 24.2C  Humidity: 47%  Risk: high

Saved 7 days to weather.json


--- Google Forms sync (sheets_pull.py) ---
--- Sheets pull ---
Pulling daily log...
  1 sheet entries -> 3 total in manual_log.json
Pulling training plan...
  0 sheet entries -> 28 total in training_plan.json
Pulling race log...
  0 sheet entries -> 7 total in races.json
Sheets pull complete.


--- Race prediction (race_predictor.py) ---
Predictions:
  5K: 17:25.90 - 18:24.01 (central: 17:54.96)
  10K: 36:20.63 - 38:21.78 (central: 37:21.21)
  Half Marathon: 1:20:11.36 - 1:24:38.66 (central: 1:22:25.01)
  Marathon: 2:47:11.35 - 2:56:28.66 (central: 2:51:50.01)
Next race: Cheltenham Half Marathon on 2026-09-20


--- Computed layer build (build_computed.py) ---
Computed 14 days -> computed_data.json
Flags log has 1 total entries


=== Summary ===
OK: Garmin data pull
OK: Weather pull
OK: Google Forms sync
OK: Race prediction
OK: Computed layer build

All steps completed.
To https://github.com/shakeyshep-source/coaching-dashboard.git
   3cb0453..7a0fec4  main -> main
